Script started on Thu 12 Dec 2013 04:47:59 PM PST
[tho36@hills ~]$ # ****** ASMT04 ******
[tho36@hills ~]$ # Thuong Ho
[tho36@hills ~]$ date
Thu Dec 12 16:48:35 PST 2013
[tho36@hills ~]$ pwd
/students/tho36
[tho36@hills ~]$ id
uid=27302(tho36) gid=590(b20137) groups=590(b20137),7025(c71768),7097(c74418),7107(c74686),7109(c74688)
[tho36@hills ~]$ 
[tho36@hills ~]$ .p /payinfo -d /pbu  ub/cs/gboyd/cs160b/asmt04/payroll
Employee #53 (Stevens,Daran) $621.00 earned during the period.
Employee #91 (Wilson,Fred P) $1692.00 earned during the period.
Employee #181 (Ahmed,Safdar) $6322.80 earned during the period.
Employee #333 (Haskett,Phil) $1290.50 earned during the period.
Employee #343 (Zulo,Giorgio) $1242.00 earned during the period.
Employee #418 (Doenitz,Erick) $818.25 earned during the period.
payinfo:ERROR: Employee #435 is not listed in the Department files
Employee #583 (Pinkerton,Tom) $1068.00 earned during the period.
Employee #732 (Roberts,Julie) $2551.75 earned during the period.
Employee #773 (Doe,Annie) $1814.35 earned during the period.
Employee #833 (Markowitz,Rob) $2434.50 earned during the period.
Employee #834 (Juliano,Clio) $2969.00 earned during the period.
Employee #958 (Banshee,Suzy) $1448.75 earned during the period.
Employee #1817 (Peabody,Connie) $2985.00 earned during the period.
Employee #1958 (Helricht,Abel) $335.00 earned during the period.
Employee #2834 (Jetson,George) $2156.00 earned during the period.
Employee #3333 (Jones,Grace) $1020.00 earned during the period.
Employee #3435 (Adams,Gomez) $264.00 earned during the period.
Employee #4181 (Fostner,Alice) $178.00 earned during the period.
Employee #4351 (Sanders,Colonel) $672.00 earned during the period.
Employee #5773 (Charles,Master) $640.00 earned during the period.
Employee #5833 (Thanhachammet,Chendrit) $1290.30 earned during the period.
Employee #5834 (McConnell,Mitch) $740.00 earned during the period.
Employee #6418 (Cow,Holy) $220.00 earned during the period.
Employee #7320 (Hoosis,Jacob) $506.00 earned during the period.
Employee #7732 (Gonzales,Carlos) $2676.00 earned during the period.
Employee #8336 (Andrews,Jamal) $400.00 earned during the period.
Employee #8343 (Bush,G) $916.00 earned during the period.
Employee #9583 (Penske,Jim) $182.00 earned during the period.
*************** TOTALS *****************
Employees with fat wallets: ... 28
Regular pay: .................. $31018.15
Overtime pay: ................. $8435.05
[tho36@hills ~]$ 
[tho36@hills ~]$ # some tests
[tho36@hills ~]$ ./payinfo -d .
payinfo:ERROR: no payroll files found for first six months of 2004
[tho36@hills ~]$ ./a payinfo
payinfo:ERROR: need two arguments with format payinfo -d path
[tho36@hills ~]$ ./payinfo -x mood
payinfo:ERROR: need -d option...the format is payinfo -d path
[tho36@hills ~]$ ./payinfo           ls -ld noex
d-w------- 2 tho36 b20137 4096 Dec 12 15:27 noex
[tho36@hills ~]$ ./payinfo -d noex
payinfo:ERROR: looks like you do not have read permissions to 'noex'
[tho36@hills ~]$ exit
exit

Script done on Thu 12 Dec 2013 04:52:19 PM PST
